[0.026s] Invoking command in '/home/abanoub/delivery_bot_ws/build/delivery_bot_control': /usr/bin/cmake /home/abanoub/delivery_bot_ws/src/delivery_bot_control -DCMAKE_INSTALL_PREFIX=/home/abanoub/delivery_bot_ws/install/delivery_bot_control
[4.122s] -- The C compiler identification is GNU 11.4.0
[6.137s] -- The CXX compiler identification is GNU 11.4.0
[6.222s] -- Detecting C compiler ABI info
[6.517s] -- Detecting C compiler ABI info - done
[6.524s] -- Check for working C compiler: /usr/bin/cc - skipped
[6.539s] -- Detecting C compile features
[6.567s] -- Detecting C compile features - done
[6.601s] -- Detecting CXX compiler ABI info
[6.954s] -- Detecting CXX compiler ABI info - done
[6.960s] -- Check for working CXX compiler: /usr/bin/c++ - skipped
[6.960s] -- Detecting CXX compile features
[6.960s] -- Detecting CXX compile features - done
[7.101s] -- Found ament_cmake: 1.3.11 (/opt/ros/humble/share/ament_cmake/cmake)
[7.321s] -- Found Python3: /usr/bin/python3 (found version "3.10.12") found components: Interpreter 
[7.524s] Error parsing '/home/abanoub/delivery_bot_ws/src/delivery_bot_control/package.xml':
[7.553s] Traceback (most recent call last):
[7.553s]   File "/usr/lib/python3/dist-packages/catkin_pkg/package.py", line 610, in parse_package_string
[7.570s]     root = dom.parseString(data)
[7.570s]   File "/usr/lib/python3.10/xml/dom/minidom.py", line 2000, in parseString
[7.584s]     return expatbuilder.parseString(string)
[7.584s]   File "/usr/lib/python3.10/xml/dom/expatbuilder.py", line 925, in parseString
[7.611s]     return builder.parseString(string)
[7.611s]   File "/usr/lib/python3.10/xml/dom/expatbuilder.py", line 223, in parseString
[7.611s]     parser.Parse(string, True)
[7.611s] xml.parsers.expat.ExpatError: no element found: line 1, column 0
[7.611s] 
[7.611s] During handling of the above exception, another exception occurred:
[7.611s] 
[7.611s] Traceback (most recent call last):
[7.611s]   File "/opt/ros/humble/share/ament_cmake_core/cmake/core/package_xml_2_cmake.py", line 150, in <module>
[7.611s]     main()
[7.612s]   File "/opt/ros/humble/share/ament_cmake_core/cmake/core/package_xml_2_cmake.py", line 53, in main
[7.612s]     raise e
[7.612s]   File "/opt/ros/humble/share/ament_cmake_core/cmake/core/package_xml_2_cmake.py", line 49, in main
[7.612s]     package = parse_package_string(
[7.612s]   File "/usr/lib/python3/dist-packages/catkin_pkg/package.py", line 612, in parse_package_string
[7.612s]     raise InvalidPackage('The manifest contains invalid XML:\n%s' % ex, filename)
[7.612s] catkin_pkg.package.InvalidPackage: Error(s) in package '/home/abanoub/delivery_bot_ws/src/delivery_bot_control/package.xml':
[7.612s] The manifest contains invalid XML:
[7.612s] no element found: line 1, column 0
[7.631s] [31mCMake Error at /opt/ros/humble/share/ament_cmake_core/cmake/core/ament_package_xml.cmake:95 (message):
[7.631s]   execute_process(/usr/bin/python3
[7.631s]   /opt/ros/humble/share/ament_cmake_core/cmake/core/package_xml_2_cmake.py
[7.631s]   /home/abanoub/delivery_bot_ws/src/delivery_bot_control/package.xml
[7.631s]   /home/abanoub/delivery_bot_ws/build/delivery_bot_control/ament_cmake_core/package.cmake)
[7.631s]   returned error code 1
[7.631s] Call Stack (most recent call first):
[7.631s]   /opt/ros/humble/share/ament_cmake_core/cmake/core/ament_package_xml.cmake:49 (_ament_package_xml)
[7.631s]   /opt/ros/humble/share/ament_cmake_core/cmake/core/ament_package.cmake:63 (ament_package_xml)
[7.631s]   CMakeLists.txt:12 (ament_package)
[7.631s] 
[7.631s] [0m
[7.631s] -- Configuring incomplete, errors occurred!
[7.631s] See also "/home/abanoub/delivery_bot_ws/build/delivery_bot_control/CMakeFiles/CMakeOutput.log".
[7.636s] Invoked command in '/home/abanoub/delivery_bot_ws/build/delivery_bot_control' returned '1': /usr/bin/cmake /home/abanoub/delivery_bot_ws/src/delivery_bot_control -DCMAKE_INSTALL_PREFIX=/home/abanoub/delivery_bot_ws/install/delivery_bot_control
