[0.017s] Invoking command in '/home/abanoub/delivery_bot_ws/build/delivery_bot_nav': /usr/bin/cmake --build /home/abanoub/delivery_bot_ws/build/delivery_bot_nav -- -j20 -l20
[0.386s] -- Found ament_cmake: 1.3.11 (/opt/ros/humble/share/ament_cmake/cmake)
[1.072s] -- Override CMake install command with custom implementation using symlinks instead of copying resources
[1.773s] Error parsing '/home/abanoub/delivery_bot_ws/src/delivery_bot_nav/package.xml':
[1.810s] Traceback (most recent call last):
[1.810s]   File "/usr/lib/python3/dist-packages/catkin_pkg/package.py", line 610, in parse_package_string
[1.847s]     root = dom.parseString(data)
[1.847s]   File "/usr/lib/python3.10/xml/dom/minidom.py", line 2000, in parseString
[1.854s]     return expatbuilder.parseString(string)
[1.854s]   File "/usr/lib/python3.10/xml/dom/expatbuilder.py", line 925, in parseString
[1.864s]     return builder.parseString(string)
[1.865s]   File "/usr/lib/python3.10/xml/dom/expatbuilder.py", line 223, in parseString
[1.865s]     parser.Parse(string, True)
[1.865s] xml.parsers.expat.ExpatError: not well-formed (invalid token): line 6, column 16
[1.865s] 
[1.865s] During handling of the above exception, another exception occurred:
[1.865s] 
[1.865s] Traceback (most recent call last):
[1.865s]   File "/opt/ros/humble/share/ament_cmake_core/cmake/core/package_xml_2_cmake.py", line 150, in <module>
[1.865s]     main()
[1.866s]   File "/opt/ros/humble/share/ament_cmake_core/cmake/core/package_xml_2_cmake.py", line 53, in main
[1.866s]     raise e
[1.866s]   File "/opt/ros/humble/share/ament_cmake_core/cmake/core/package_xml_2_cmake.py", line 49, in main
[1.866s]     package = parse_package_string(
[1.866s]   File "/usr/lib/python3/dist-packages/catkin_pkg/package.py", line 612, in parse_package_string
[1.866s]     raise InvalidPackage('The manifest contains invalid XML:\n%s' % ex, filename)
[1.866s] catkin_pkg.package.InvalidPackage: Error(s) in package '/home/abanoub/delivery_bot_ws/src/delivery_bot_nav/package.xml':
[1.866s] The manifest contains invalid XML:
[1.866s] not well-formed (invalid token): line 6, column 16
[1.880s] [31mCMake Error at /opt/ros/humble/share/ament_cmake_core/cmake/core/ament_package_xml.cmake:95 (message):
[1.880s]   execute_process(/usr/bin/python3
[1.880s]   /opt/ros/humble/share/ament_cmake_core/cmake/core/package_xml_2_cmake.py
[1.880s]   /home/abanoub/delivery_bot_ws/src/delivery_bot_nav/package.xml
[1.880s]   /home/abanoub/delivery_bot_ws/build/delivery_bot_nav/ament_cmake_core/package.cmake)
[1.880s]   returned error code 1
[1.880s] Call Stack (most recent call first):
[1.880s]   /opt/ros/humble/share/ament_cmake_core/cmake/core/ament_package_xml.cmake:49 (_ament_package_xml)
[1.881s]   /opt/ros/humble/share/ament_cmake_core/cmake/core/ament_package.cmake:63 (ament_package_xml)
[1.881s]   CMakeLists.txt:15 (ament_package)
[1.881s] 
[1.881s] [0m
[1.881s] -- Configuring incomplete, errors occurred!
[1.881s] See also "/home/abanoub/delivery_bot_ws/build/delivery_bot_nav/CMakeFiles/CMakeOutput.log".
[1.883s] gmake: *** [Makefile:226: cmake_check_build_system] Error 1
[1.887s] Invoked command in '/home/abanoub/delivery_bot_ws/build/delivery_bot_nav' returned '2': /usr/bin/cmake --build /home/abanoub/delivery_bot_ws/build/delivery_bot_nav -- -j20 -l20
